<h1 id="header-1"><span class="section-number">1</span>An org-mode Post</h1>
<p>With some &#34;amazing&#34;, <i>riveting</i>, <b>cooonnntent</b>.</p>
